
> algomind@0.1.0 build
> next build

Ôû▓ Next.js 16.1.6 (Turbopack)
- Environments: .env.local, .env.production
- Experiments (use with caution):
  ┬À serverActions

  Creating an optimized production build ...
Ô£ô Compiled successfully in 7.6s
  Running TypeScript ...
