
> algomind@0.1.0 build
> next build

Ôû▓ Next.js 16.1.6 (Turbopack)
- Environments: .env.local, .env.production
- Experiments (use with caution):
  ┬À serverActions

node.exe : ÔÜá The "middleware" file 
convention is deprecated. Please use "proxy" 
instead. Learn more: https://nextjs.org/docs/me
ssages/middleware-to-proxy
At line:1 char:1
+ & "C:\Program Files\nodejs/node.exe" 
"C:\Users\ANIRUDDH\AppData\Roami ...
+ ~~~~~~~~~~~~~~~~~~~~~~~~~~~~~~~~~~~~~~~~~~~~~
~~~~~~~~~~~~~~~~~~~~~~~~
    + CategoryInfo          : NotSpecified: (Ô 
   Üá The "middle...leware-to-proxy:String) [  
  ], RemoteException
    + FullyQualifiedErrorId : NativeCommandErr 
   or
 
  Creating an optimized production build ...
Ô£ô Compiled successfully in 7.2s
  Running TypeScript ...
  Collecting page data using 15 workers ...
HIGH ENV VAR MISSING: DEEPSEEK_API_KEY - 
DeepSeek model verification will fail - send 
Bearer undefined to DeepSeek API
HIGH ENV VAR MISSING: DEEPSEEK_API_KEY - 
DeepSeek model verification will fail - send 
Bearer undefined to DeepSeek API
HIGH ENV VAR MISSING: DEEPSEEK_API_KEY - 
DeepSeek model verification will fail - send 
Bearer undefined to DeepSeek API
HIGH ENV VAR MISSING: DEEPSEEK_API_KEY - 
DeepSeek model verification will fail - send 
Bearer undefined to DeepSeek API
  Generating static pages using 15 workers (0/48) ...
[DB VALIDATION] Could not run DB validation: 
Error: Dynamic server usage: Route 
/admin/admins couldn't be rendered statically 
because it used `cookies`. See more info here: 
https://nextjs.org/docs/messages/dynamic-server
-error
    at w (D:\algomind\.next\server\chunks\ssr\_
691f916b._.js:1:14599)
    at n (D:\algomind\.next\server\chunks\ssr\_
691f916b._.js:4:11054)
    at q (D:\algomind\.next\server\chunks\ssr\_
691f916b._.js:22:82)
    at o (D:\algomind\.next\server\chunks\ssr\[
root-of-the-server]__a9d57f10._.js:1:19842)
    at u (D:\algomind\.next\server\chunks\ssr\[
root-of-the-server]__a9d57f10._.js:1:20918)
    at stringify (<anonymous>) {
  description: "Route /admin/admins couldn't 
be rendered statically because it used 
`cookies`. See more info here: https://nextjs.o
rg/docs/messages/dynamic-server-error",
  digest: 'DYNAMIC_SERVER_USAGE'
}
[DB VALIDATION] Could not run DB validation: 
Error: Dynamic server usage: Route 
/assess/complete couldn't be rendered 
statically because it used `cookies`. See more 
info here: https://nextjs.org/docs/messages/dyn
amic-server-error
    at w (D:\algomind\.next\server\chunks\ssr\_
691f916b._.js:1:14599)
    at n (D:\algomind\.next\server\chunks\ssr\_
691f916b._.js:4:11054)
    at q (D:\algomind\.next\server\chunks\ssr\_
691f916b._.js:22:82)
    at o (D:\algomind\.next\server\chunks\ssr\[
root-of-the-server]__a9d57f10._.js:1:19842)
    at u (D:\algomind\.next\server\chunks\ssr\[
root-of-the-server]__a9d57f10._.js:1:20918)
    at stringify (<anonymous>) {
  description: "Route /assess/complete 
couldn't be rendered statically because it 
used `cookies`. See more info here: https://nex
tjs.org/docs/messages/dynamic-server-error",
  digest: 'DYNAMIC_SERVER_USAGE'
}
  Generating static pages using 15 workers (12/48) 
[DB VALIDATION] Could not run DB validation: 
Error: Dynamic server usage: Route /_not-found 
couldn't be rendered statically because it 
used `cookies`. See more info here: https://nex
tjs.org/docs/messages/dynamic-server-error
    at w (D:\algomind\.next\server\chunks\ssr\_
691f916b._.js:1:14599)
    at n (D:\algomind\.next\server\chunks\ssr\_
691f916b._.js:4:11054)
    at q (D:\algomind\.next\server\chunks\ssr\_
691f916b._.js:22:82)
    at o (D:\algomind\.next\server\chunks\ssr\[
root-of-the-server]__a9d57f10._.js:1:19842)
    at u (D:\algomind\.next\server\chunks\ssr\[
root-of-the-server]__a9d57f10._.js:1:20918)
    at stringify (<anonymous>) {
  description: "Route /_not-found couldn't be 
rendered statically because it used `cookies`. 
See more info here: https://nextjs.org/docs/mes
sages/dynamic-server-error",
  digest: 'DYNAMIC_SERVER_USAGE'
}
[DB VALIDATION] Could not run DB validation: 
Error: Dynamic server usage: Route 
/admin/cache-stats couldn't be rendered 
statically because it used `cookies`. See more 
info here: https://nextjs.org/docs/messages/dyn
amic-server-error
    at w (D:\algomind\.next\server\chunks\ssr\_
691f916b._.js:1:14599)
    at n (D:\algomind\.next\server\chunks\ssr\_
691f916b._.js:4:11054)
    at q (D:\algomind\.next\server\chunks\ssr\_
691f916b._.js:22:82)
    at o (D:\algomind\.next\server\chunks\ssr\[
root-of-the-server]__a9d57f10._.js:1:19842)
    at u (D:\algomind\.next\server\chunks\ssr\[
root-of-the-server]__a9d57f10._.js:1:20918)
    at stringify (<anonymous>) {
  description: "Route /admin/cache-stats 
couldn't be rendered statically because it 
used `cookies`. See more info here: https://nex
tjs.org/docs/messages/dynamic-server-error",
  digest: 'DYNAMIC_SERVER_USAGE'
}
[DB VALIDATION] Could not run DB validation: 
Error: Dynamic server usage: Route 
/admin/features couldn't be rendered 
statically because it used `cookies`. See more 
info here: https://nextjs.org/docs/messages/dyn
amic-server-error
    at w (D:\algomind\.next\server\chunks\ssr\_
691f916b._.js:1:14599)
    at n (D:\algomind\.next\server\chunks\ssr\_
691f916b._.js:4:11054)
    at q (D:\algomind\.next\server\chunks\ssr\_
691f916b._.js:22:82)
    at o (D:\algomind\.next\server\chunks\ssr\[
root-of-the-server]__a9d57f10._.js:1:19842)
    at u (D:\algomind\.next\server\chunks\ssr\[
root-of-the-server]__a9d57f10._.js:1:20918)
    at stringify (<anonymous>) {
  description: "Route /admin/features couldn't 
be rendered statically because it used 
`cookies`. See more info here: https://nextjs.o
rg/docs/messages/dynamic-server-error",
  digest: 'DYNAMIC_SERVER_USAGE'
}
[DB VALIDATION] Could not run DB validation: 
Error: Dynamic server usage: Route /dashboard 
couldn't be rendered statically because it 
used `cookies`. See more info here: https://nex
tjs.org/docs/messages/dynamic-server-error
    at w (D:\algomind\.next\server\chunks\ssr\_
691f916b._.js:1:14599)
    at n (D:\algomind\.next\server\chunks\ssr\_
691f916b._.js:4:11054)
    at q (D:\algomind\.next\server\chunks\ssr\_
691f916b._.js:22:82)
    at o (D:\algomind\.next\server\chunks\ssr\[
root-of-the-server]__a9d57f10._.js:1:19842)
    at u (D:\algomind\.next\server\chunks\ssr\[
root-of-the-server]__a9d57f10._.js:1:20918)
    at stringify (<anonymous>) {
  description: "Route /dashboard couldn't be 
rendered statically because it used `cookies`. 
See more info here: https://nextjs.org/docs/mes
sages/dynamic-server-error",
  digest: 'DYNAMIC_SERVER_USAGE'
}
[DB VALIDATION] Could not run DB validation: 
Error: Dynamic server usage: Route 
/admin/analytics couldn't be rendered 
statically because it used `cookies`. See more 
info here: https://nextjs.org/docs/messages/dyn
amic-server-error
    at w (D:\algomind\.next\server\chunks\ssr\_
691f916b._.js:1:14599)
    at n (D:\algomind\.next\server\chunks\ssr\_
691f916b._.js:4:11054)
    at q (D:\algomind\.next\server\chunks\ssr\_
691f916b._.js:22:82)
    at o (D:\algomind\.next\server\chunks\ssr\[
root-of-the-server]__a9d57f10._.js:1:19842)
    at u (D:\algomind\.next\server\chunks\ssr\[
root-of-the-server]__a9d57f10._.js:1:20918)
    at stringify (<anonymous>) {
  description: "Route /admin/analytics 
couldn't be rendered statically because it 
used `cookies`. See more info here: https://nex
tjs.org/docs/messages/dynamic-server-error",
  digest: 'DYNAMIC_SERVER_USAGE'
}
[DB VALIDATION] Could not run DB validation: 
Error: Dynamic server usage: Route 
/admin/knowledge couldn't be rendered 
statically because it used `cookies`. See more 
info here: https://nextjs.org/docs/messages/dyn
amic-server-error
    at w (D:\algomind\.next\server\chunks\ssr\_
691f916b._.js:1:14599)
    at n (D:\algomind\.next\server\chunks\ssr\_
691f916b._.js:4:11054)
    at q (D:\algomind\.next\server\chunks\ssr\_
691f916b._.js:22:82)
    at o (D:\algomind\.next\server\chunks\ssr\[
root-of-the-server]__a9d57f10._.js:1:19842)
    at u (D:\algomind\.next\server\chunks\ssr\[
root-of-the-server]__a9d57f10._.js:1:20918)
    at stringify (<anonymous>) {
  description: "Route /admin/knowledge 
couldn't be rendered statically because it 
used `cookies`. See more info here: https://nex
tjs.org/docs/messages/dynamic-server-error",
  digest: 'DYNAMIC_SERVER_USAGE'
}
[DB VALIDATION] Could not run DB validation: 
Error: Dynamic server usage: Route 
/admin/models couldn't be rendered statically 
because it used `cookies`. See more info here: 
https://nextjs.org/docs/messages/dynamic-server
-error
    at w (D:\algomind\.next\server\chunks\ssr\_
691f916b._.js:1:14599)
    at n (D:\algomind\.next\server\chunks\ssr\_
691f916b._.js:4:11054)
    at q (D:\algomind\.next\server\chunks\ssr\_
691f916b._.js:22:82)
    at o (D:\algomind\.next\server\chunks\ssr\[
root-of-the-server]__a9d57f10._.js:1:19842)
    at u (D:\algomind\.next\server\chunks\ssr\[
root-of-the-server]__a9d57f10._.js:1:20918)
    at stringify (<anonymous>) {
  description: "Route /admin/models couldn't 
be rendered statically because it used 
`cookies`. See more info here: https://nextjs.o
rg/docs/messages/dynamic-server-error",
  digest: 'DYNAMIC_SERVER_USAGE'
}
HIGH ENV VAR MISSING: DEEPSEEK_API_KEY - 
DeepSeek model verification will fail - send 
Bearer undefined to DeepSeek API
  Generating static pages using 15 workers (24/48) 
[DB VALIDATION] Could not run DB validation: 
Error: Dynamic server usage: Route 
/admin/voice-debug couldn't be rendered 
statically because it used `cookies`. See more 
info here: https://nextjs.org/docs/messages/dyn
amic-server-error
    at w (D:\algomind\.next\server\chunks\ssr\_
691f916b._.js:1:14599)
    at n (D:\algomind\.next\server\chunks\ssr\_
691f916b._.js:4:11054)
    at q (D:\algomind\.next\server\chunks\ssr\_
691f916b._.js:22:82)
    at o (D:\algomind\.next\server\chunks\ssr\[
root-of-the-server]__a9d57f10._.js:1:19842)
    at u (D:\algomind\.next\server\chunks\ssr\[
root-of-the-server]__a9d57f10._.js:1:20918)
    at stringify (<anonymous>) {
  description: "Route /admin/voice-debug 
couldn't be rendered statically because it 
used `cookies`. See more info here: https://nex
tjs.org/docs/messages/dynamic-server-error",
  digest: 'DYNAMIC_SERVER_USAGE'
}
HIGH ENV VAR MISSING: DEEPSEEK_API_KEY - 
DeepSeek model verification will fail - send 
Bearer undefined to DeepSeek API
HIGH ENV VAR MISSING: DEEPSEEK_API_KEY - 
DeepSeek model verification will fail - send 
Bearer undefined to DeepSeek API
[DB VALIDATION] Could not run DB validation: 
Error: Dynamic server usage: Route 
/employer/dashboard couldn't be rendered 
statically because it used `cookies`. See more 
info here: https://nextjs.org/docs/messages/dyn
amic-server-error
    at w (D:\algomind\.next\server\chunks\ssr\_
691f916b._.js:1:14599)
    at n (D:\algomind\.next\server\chunks\ssr\_
691f916b._.js:4:11054)
    at q (D:\algomind\.next\server\chunks\ssr\_
691f916b._.js:22:82)
    at o (D:\algomind\.next\server\chunks\ssr\[
root-of-the-server]__a9d57f10._.js:1:19842)
    at u (D:\algomind\.next\server\chunks\ssr\[
root-of-the-server]__a9d57f10._.js:1:20918)
    at stringify (<anonymous>) {
  description: "Route /employer/dashboard 
couldn't be rendered statically because it 
used `cookies`. See more info here: https://nex
tjs.org/docs/messages/dynamic-server-error",
  digest: 'DYNAMIC_SERVER_USAGE'
}
  Generating static pages using 15 workers (36/48) 
[DB VALIDATION] Could not run DB validation: 
Error: Dynamic server usage: Route /interview 
couldn't be rendered statically because it 
used `cookies`. See more info here: https://nex
tjs.org/docs/messages/dynamic-server-error
    at w (D:\algomind\.next\server\chunks\ssr\_
691f916b._.js:1:14599)
    at n (D:\algomind\.next\server\chunks\ssr\_
691f916b._.js:4:11054)
    at q (D:\algomind\.next\server\chunks\ssr\_
691f916b._.js:22:82)
    at o (D:\algomind\.next\server\chunks\ssr\[
root-of-the-server]__a9d57f10._.js:1:19842)
    at u (D:\algomind\.next\server\chunks\ssr\[
root-of-the-server]__a9d57f10._.js:1:20918)
    at stringify (<anonymous>) {
  description: "Route /interview couldn't be 
rendered statically because it used `cookies`. 
See more info here: https://nextjs.org/docs/mes
sages/dynamic-server-error",
  digest: 'DYNAMIC_SERVER_USAGE'
}
[DB VALIDATION] Could not run DB validation: 
Error: Dynamic server usage: Route /employer 
couldn't be rendered statically because it 
used `cookies`. See more info here: https://nex
tjs.org/docs/messages/dynamic-server-error
    at w (D:\algomind\.next\server\chunks\ssr\_
691f916b._.js:1:14599)
    at n (D:\algomind\.next\server\chunks\ssr\_
691f916b._.js:4:11054)
    at q (D:\algomind\.next\server\chunks\ssr\_
691f916b._.js:22:82)
    at o (D:\algomind\.next\server\chunks\ssr\[
root-of-the-server]__a9d57f10._.js:1:19842)
    at u (D:\algomind\.next\server\chunks\ssr\[
root-of-the-server]__a9d57f10._.js:1:20918)
    at stringify (<anonymous>) {
  description: "Route /employer couldn't be 
rendered statically because it used `cookies`. 
See more info here: https://nextjs.org/docs/mes
sages/dynamic-server-error",
  digest: 'DYNAMIC_SERVER_USAGE'
}
[DB VALIDATION] Could not run DB validation: 
Error: Dynamic server usage: Route /login 
couldn't be rendered statically because it 
used `cookies`. See more info here: https://nex
tjs.org/docs/messages/dynamic-server-error
    at w (D:\algomind\.next\server\chunks\ssr\_
691f916b._.js:1:14599)
    at n (D:\algomind\.next\server\chunks\ssr\_
691f916b._.js:4:11054)
    at q (D:\algomind\.next\server\chunks\ssr\_
691f916b._.js:22:82)
    at o (D:\algomind\.next\server\chunks\ssr\[
root-of-the-server]__a9d57f10._.js:1:19842)
    at u (D:\algomind\.next\server\chunks\ssr\[
root-of-the-server]__a9d57f10._.js:1:20918)
    at stringify (<anonymous>) {
  description: "Route /login couldn't be 
rendered statically because it used `cookies`. 
See more info here: https://nextjs.org/docs/mes
sages/dynamic-server-error",
  digest: 'DYNAMIC_SERVER_USAGE'
}
[DB VALIDATION] Could not run DB validation: 
Error: Dynamic server usage: Route / couldn't 
be rendered statically because it used 
`cookies`. See more info here: https://nextjs.o
rg/docs/messages/dynamic-server-error
    at w (D:\algomind\.next\server\chunks\ssr\_
691f916b._.js:1:14599)
    at n (D:\algomind\.next\server\chunks\ssr\_
691f916b._.js:4:11054)
    at q (D:\algomind\.next\server\chunks\ssr\_
691f916b._.js:22:82)
    at o (D:\algomind\.next\server\chunks\ssr\[
root-of-the-server]__a9d57f10._.js:1:19842)
    at u (D:\algomind\.next\server\chunks\ssr\[
root-of-the-server]__a9d57f10._.js:1:20918)
    at stringify (<anonymous>) {
  description: "Route / couldn't be rendered 
statically because it used `cookies`. See more 
info here: https://nextjs.org/docs/messages/dyn
amic-server-error",
  digest: 'DYNAMIC_SERVER_USAGE'
}
[DB VALIDATION] Could not run DB validation: 
Error: Dynamic server usage: Route /test/vad 
couldn't be rendered statically because it 
used `cookies`. See more info here: https://nex
tjs.org/docs/messages/dynamic-server-error
    at w (D:\algomind\.next\server\chunks\ssr\_
691f916b._.js:1:14599)
    at n (D:\algomind\.next\server\chunks\ssr\_
691f916b._.js:4:11054)
    at q (D:\algomind\.next\server\chunks\ssr\_
691f916b._.js:22:82)
    at o (D:\algomind\.next\server\chunks\ssr\[
root-of-the-server]__a9d57f10._.js:1:19842)
    at u (D:\algomind\.next\server\chunks\ssr\[
root-of-the-server]__a9d57f10._.js:1:20918)
    at stringify (<anonymous>) {
  description: "Route /test/vad couldn't be 
rendered statically because it used `cookies`. 
See more info here: https://nextjs.org/docs/mes
sages/dynamic-server-error",
  digest: 'DYNAMIC_SERVER_USAGE'
}
[DB VALIDATION] Could not run DB validation: 
Error: Dynamic server usage: Route /practice 
couldn't be rendered statically because it 
used `cookies`. See more info here: https://nex
tjs.org/docs/messages/dynamic-server-error
    at w (D:\algomind\.next\server\chunks\ssr\_
691f916b._.js:1:14599)
    at n (D:\algomind\.next\server\chunks\ssr\_
691f916b._.js:4:11054)
    at q (D:\algomind\.next\server\chunks\ssr\_
691f916b._.js:22:82)
    at o (D:\algomind\.next\server\chunks\ssr\[
root-of-the-server]__a9d57f10._.js:1:19842)
    at u (D:\algomind\.next\server\chunks\ssr\[
root-of-the-server]__a9d57f10._.js:1:20918)
    at stringify (<anonymous>) {
  description: "Route /practice couldn't be 
rendered statically because it used `cookies`. 
See more info here: https://nextjs.org/docs/mes
sages/dynamic-server-error",
  digest: 'DYNAMIC_SERVER_USAGE'
}
[DB VALIDATION] Could not run DB validation: 
Error: Dynamic server usage: Route /settings 
couldn't be rendered statically because it 
used `cookies`. See more info here: https://nex
tjs.org/docs/messages/dynamic-server-error
    at w (D:\algomind\.next\server\chunks\ssr\_
691f916b._.js:1:14599)
    at n (D:\algomind\.next\server\chunks\ssr\_
691f916b._.js:4:11054)
    at q (D:\algomind\.next\server\chunks\ssr\_
691f916b._.js:22:82)
    at o (D:\algomind\.next\server\chunks\ssr\[
root-of-the-server]__a9d57f10._.js:1:19842)
    at u (D:\algomind\.next\server\chunks\ssr\[
root-of-the-server]__a9d57f10._.js:1:20918)
    at stringify (<anonymous>) {
  description: "Route /settings couldn't be 
rendered statically because it used `cookies`. 
See more info here: https://nextjs.org/docs/mes
sages/dynamic-server-error",
  digest: 'DYNAMIC_SERVER_USAGE'
}
[DB VALIDATION] Could not run DB validation: 
Error: Dynamic server usage: Route /tts-test 
couldn't be rendered statically because it 
used `cookies`. See more info here: https://nex
tjs.org/docs/messages/dynamic-server-error
    at w (D:\algomind\.next\server\chunks\ssr\_
691f916b._.js:1:14599)
    at n (D:\algomind\.next\server\chunks\ssr\_
691f916b._.js:4:11054)
    at q (D:\algomind\.next\server\chunks\ssr\_
691f916b._.js:22:82)
    at o (D:\algomind\.next\server\chunks\ssr\[
root-of-the-server]__a9d57f10._.js:1:19842)
    at u (D:\algomind\.next\server\chunks\ssr\[
root-of-the-server]__a9d57f10._.js:1:20918)
    at stringify (<anonymous>) {
  description: "Route /tts-test couldn't be 
rendered statically because it used `cookies`. 
See more info here: https://nextjs.org/docs/mes
sages/dynamic-server-error",
  digest: 'DYNAMIC_SERVER_USAGE'
}
[DB VALIDATION] Could not run DB validation: 
Error: Dynamic server usage: Route /voice-test 
couldn't be rendered statically because it 
used `cookies`. See more info here: https://nex
tjs.org/docs/messages/dynamic-server-error
    at w (D:\algomind\.next\server\chunks\ssr\_
691f916b._.js:1:14599)
    at n (D:\algomind\.next\server\chunks\ssr\_
691f916b._.js:4:11054)
    at q (D:\algomind\.next\server\chunks\ssr\_
691f916b._.js:22:82)
    at o (D:\algomind\.next\server\chunks\ssr\[
root-of-the-server]__a9d57f10._.js:1:19842)
    at u (D:\algomind\.next\server\chunks\ssr\[
root-of-the-server]__a9d57f10._.js:1:20918)
    at stringify (<anonymous>) {
  description: "Route /voice-test couldn't be 
rendered statically because it used `cookies`. 
See more info here: https://nextjs.org/docs/mes
sages/dynamic-server-error",
  digest: 'DYNAMIC_SERVER_USAGE'
}
Ô£ô Generating static pages using 15 workers (48/48) in 845.7ms
  Finalizing page optimization ...

Route (app)
Ôöî ãÆ /
Ôö£ ãÆ /_not-found
Ôö£ ãÆ /admin/admins
Ôö£ ãÆ /admin/analytics
Ôö£ ãÆ /admin/cache-stats
Ôö£ ãÆ /admin/employers
Ôö£ ãÆ /admin/features
Ôö£ ãÆ /admin/knowledge
Ôö£ ãÆ /admin/models
Ôö£ ãÆ /admin/voice-debug
Ôö£ ãÆ /api/admin/admins
Ôö£ ãÆ /api/admin/ai-status
Ôö£ ãÆ /api/admin/cache-stats
Ôö£ ãÆ /api/admin/employer-invites
Ôö£ ãÆ /api/admin/employers
Ôö£ ãÆ /api/admin/events
Ôö£ ãÆ /api/admin/health
Ôö£ ãÆ /api/admin/models
Ôö£ ãÆ /api/admin/models/verify
Ôö£ ãÆ /api/admin/reset-model
Ôö£ ãÆ /api/admin/trigger-cron
Ôö£ ãÆ /api/admin/users
Ôö£ ãÆ /api/assess/chat
Ôö£ ãÆ /api/assess/complete
Ôö£ ãÆ /api/assess/save-progress
Ôö£ ãÆ /api/assess/start
Ôö£ ãÆ /api/assess/verify-code
Ôö£ ãÆ /api/chat
Ôö£ ãÆ /api/cron/trigger
Ôö£ ãÆ /api/employer/campaigns
Ôö£ ãÆ /api/employer/campaigns/[id]
Ôö£ ãÆ /api/employer/submissions/[campaignId]
Ôö£ ãÆ /api/employer/submissions/[campaignId]/export
Ôö£ ãÆ /api/employer/submissions/[campaignId]/report/[submissionId]
Ôö£ ãÆ /api/employer/transcript/[sessionId]
Ôö£ ãÆ /api/employer/upgrade
Ôö£ ãÆ /api/execute
Ôö£ ãÆ /api/flags
Ôö£ ãÆ /api/health
Ôö£ ãÆ /api/health/ai
Ôö£ ãÆ /api/leetcode/connect
Ôö£ ãÆ /api/leetcode/refresh
Ôö£ ãÆ /api/leetcode/status
Ôö£ ãÆ /api/rag/search
Ôö£ ãÆ /api/replay/generate
Ôö£ ãÆ /api/user/account-type
Ôö£ ãÆ /api/user/memory
Ôö£ ãÆ /api/user/submissions/[id]/report
Ôö£ ãÆ /api/voice/transcribe
Ôö£ ãÆ /assess/[token]
Ôö£ ãÆ /assess/[token]/expired
Ôö£ ãÆ /assess/complete
Ôö£ ãÆ /auth/callback
Ôö£ ãÆ /dashboard
Ôö£ ãÆ /dashboard/interview-history
Ôö£ ãÆ /employer
Ôö£ ãÆ /employer/dashboard
Ôö£ ãÆ /interview
Ôö£ ãÆ /login
Ôö£ Ôùï /manifest.webmanifest
Ôö£ ãÆ /practice
Ôö£ ãÆ /replay/[token]
Ôö£ ãÆ /settings
Ôö£ ãÆ /test/vad
Ôö£ ãÆ /tts-test
Ôöö ãÆ /voice-test


ãÆ Proxy (Middleware)

Ôùï  (Static)   prerendered as static content
ãÆ  (Dynamic)  server-rendered on demand

