
         /\      Grafana   /‾‾/  
    /\  /  \     |\  __   /  /   
   /  \/    \    | |/ /  /   ‾‾\ 
  /          \   |   (  |  (‾)  |
 / __________ \  |_|\_\  \_____/ 

     execution: local
        script: k6-cf-worker.js
        output: -

     scenarios: (100.00%) 1 scenario, 100 max VUs, 3m15s max duration (incl. graceful stop):
              * default: Up to 100 looping VUs for 2m45s over 4 stages (gracefulRampDown: 30s, gracefulStop: 30s)


running (0m01.0s), 001/100 VUs, 0 complete and 0 interrupted iterations
default   [   1% ] 001/100 VUs  0m01.0s/2m45.0s

running (0m02.0s), 002/100 VUs, 1 complete and 0 interrupted iterations
default   [   1% ] 002/100 VUs  0m02.0s/2m45.0s

running (0m03.0s), 002/100 VUs, 4 complete and 0 interrupted iterations
default   [   2% ] 002/100 VUs  0m03.0s/2m45.0s

running (0m04.0s), 003/100 VUs, 7 complete and 0 interrupted iterations
default   [   2% ] 003/100 VUs  0m04.0s/2m45.0s

running (0m05.0s), 003/100 VUs, 12 complete and 0 interrupted iterations
default   [   3% ] 003/100 VUs  0m05.0s/2m45.0s

running (0m06.0s), 004/100 VUs, 16 complete and 0 interrupted iterations
default   [   4% ] 004/100 VUs  0m06.0s/2m45.0s

running (0m07.0s), 005/100 VUs, 22 complete and 0 interrupted iterations
default   [   4% ] 005/100 VUs  0m07.0s/2m45.0s

running (0m08.0s), 005/100 VUs, 30 complete and 0 interrupted iterations
default   [   5% ] 005/100 VUs  0m08.0s/2m45.0s

running (0m09.0s), 006/100 VUs, 36 complete and 0 interrupted iterations
default   [   5% ] 006/100 VUs  0m09.0s/2m45.0s

running (0m10.0s), 006/100 VUs, 45 complete and 0 interrupted iterations
default   [   6% ] 006/100 VUs  0m10.0s/2m45.0s

running (0m11.0s), 007/100 VUs, 57 complete and 0 interrupted iterations
default   [   7% ] 007/100 VUs  0m11.0s/2m45.0s

running (0m12.0s), 008/100 VUs, 65 complete and 0 interrupted iterations
default   [   7% ] 008/100 VUs  0m12.0s/2m45.0s

running (0m13.0s), 008/100 VUs, 77 complete and 0 interrupted iterations
default   [   8% ] 008/100 VUs  0m13.0s/2m45.0s

running (0m14.0s), 009/100 VUs, 92 complete and 0 interrupted iterations
default   [   8% ] 009/100 VUs  0m14.0s/2m45.0s

running (0m15.0s), 009/100 VUs, 104 complete and 0 interrupted iterations
default   [   9% ] 009/100 VUs  0m15.0s/2m45.0s

running (0m16.0s), 010/100 VUs, 118 complete and 0 interrupted iterations
default   [  10% ] 010/100 VUs  0m16.0s/2m45.0s

running (0m17.0s), 011/100 VUs, 136 complete and 0 interrupted iterations
default   [  10% ] 011/100 VUs  0m17.0s/2m45.0s

running (0m18.0s), 011/100 VUs, 152 complete and 0 interrupted iterations
default   [  11% ] 011/100 VUs  0m18.0s/2m45.0s

running (0m19.0s), 012/100 VUs, 167 complete and 0 interrupted iterations
default   [  12% ] 012/100 VUs  0m19.0s/2m45.0s

running (0m20.0s), 013/100 VUs, 189 complete and 0 interrupted iterations
default   [  12% ] 013/100 VUs  0m20.0s/2m45.0s

running (0m21.0s), 013/100 VUs, 203 complete and 0 interrupted iterations
default   [  13% ] 013/100 VUs  0m21.0s/2m45.0s

running (0m22.0s), 014/100 VUs, 225 complete and 0 interrupted iterations
default   [  13% ] 014/100 VUs  0m22.0s/2m45.0s

running (0m23.0s), 015/100 VUs, 249 complete and 0 interrupted iterations
default   [  14% ] 015/100 VUs  0m23.0s/2m45.0s

running (0m24.0s), 015/100 VUs, 266 complete and 0 interrupted iterations
default   [  15% ] 015/100 VUs  0m24.0s/2m45.0s

running (0m25.0s), 016/100 VUs, 291 complete and 0 interrupted iterations
default   [  15% ] 016/100 VUs  0m25.0s/2m45.0s

running (0m26.0s), 017/100 VUs, 319 complete and 0 interrupted iterations
default   [  16% ] 017/100 VUs  0m26.0s/2m45.0s

running (0m27.0s), 017/100 VUs, 344 complete and 0 interrupted iterations
default   [  16% ] 017/100 VUs  0m27.0s/2m45.0s

running (0m28.0s), 018/100 VUs, 368 complete and 0 interrupted iterations
default   [  17% ] 018/100 VUs  0m28.0s/2m45.0s

running (0m29.0s), 019/100 VUs, 400 complete and 0 interrupted iterations
default   [  18% ] 019/100 VUs  0m29.0s/2m45.0s

running (0m30.0s), 019/100 VUs, 428 complete and 0 interrupted iterations
default   [  18% ] 019/100 VUs  0m30.0s/2m45.0s

running (0m31.0s), 020/100 VUs, 455 complete and 0 interrupted iterations
default   [  19% ] 020/100 VUs  0m31.0s/2m45.0s

running (0m32.0s), 021/100 VUs, 488 complete and 0 interrupted iterations
default   [  19% ] 021/100 VUs  0m32.0s/2m45.0s

running (0m33.0s), 021/100 VUs, 521 complete and 0 interrupted iterations
default   [  20% ] 021/100 VUs  0m33.0s/2m45.0s

running (0m34.0s), 022/100 VUs, 552 complete and 0 interrupted iterations
default   [  21% ] 022/100 VUs  0m34.0s/2m45.0s

running (0m35.0s), 023/100 VUs, 589 complete and 0 interrupted iterations
default   [  21% ] 023/100 VUs  0m35.0s/2m45.0s

running (0m36.0s), 023/100 VUs, 622 complete and 0 interrupted iterations
default   [  22% ] 023/100 VUs  0m36.0s/2m45.0s

running (0m37.0s), 024/100 VUs, 656 complete and 0 interrupted iterations
default   [  22% ] 024/100 VUs  0m37.0s/2m45.0s

running (0m38.0s), 025/100 VUs, 697 complete and 0 interrupted iterations
default   [  23% ] 025/100 VUs  0m38.0s/2m45.0s

running (0m39.0s), 025/100 VUs, 732 complete and 0 interrupted iterations
default   [  24% ] 025/100 VUs  0m39.0s/2m45.0s

running (0m40.0s), 026/100 VUs, 770 complete and 0 interrupted iterations
default   [  24% ] 026/100 VUs  0m40.0s/2m45.0s

running (0m41.0s), 027/100 VUs, 812 complete and 0 interrupted iterations
default   [  25% ] 027/100 VUs  0m41.0s/2m45.0s

running (0m42.0s), 027/100 VUs, 851 complete and 0 interrupted iterations
default   [  25% ] 027/100 VUs  0m42.0s/2m45.0s

running (0m43.0s), 028/100 VUs, 891 complete and 0 interrupted iterations
default   [  26% ] 028/100 VUs  0m43.0s/2m45.0s

running (0m44.0s), 029/100 VUs, 936 complete and 0 interrupted iterations
default   [  27% ] 029/100 VUs  0m44.0s/2m45.0s

running (0m45.0s), 029/100 VUs, 977 complete and 0 interrupted iterations
default   [  27% ] 029/100 VUs  0m45.0s/2m45.0s

running (0m46.0s), 030/100 VUs, 1022 complete and 0 interrupted iterations
default   [  28% ] 030/100 VUs  0m46.0s/2m45.0s

running (0m47.0s), 031/100 VUs, 1071 complete and 0 interrupted iterations
default   [  28% ] 031/100 VUs  0m47.0s/2m45.0s

running (0m48.0s), 031/100 VUs, 1115 complete and 0 interrupted iterations
default   [  29% ] 031/100 VUs  0m48.0s/2m45.0s

running (0m49.0s), 032/100 VUs, 1163 complete and 0 interrupted iterations
default   [  30% ] 032/100 VUs  0m49.0s/2m45.0s

running (0m50.0s), 033/100 VUs, 1209 complete and 0 interrupted iterations
default   [  30% ] 033/100 VUs  0m50.0s/2m45.0s

running (0m51.0s), 033/100 VUs, 1253 complete and 0 interrupted iterations
default   [  31% ] 033/100 VUs  0m51.0s/2m45.0s

running (0m52.0s), 034/100 VUs, 1305 complete and 0 interrupted iterations
default   [  32% ] 034/100 VUs  0m52.0s/2m45.0s

running (0m53.0s), 035/100 VUs, 1360 complete and 0 interrupted iterations
default   [  32% ] 035/100 VUs  0m53.0s/2m45.0s

running (0m54.0s), 035/100 VUs, 1408 complete and 0 interrupted iterations
default   [  33% ] 035/100 VUs  0m54.0s/2m45.0s

running (0m55.0s), 036/100 VUs, 1462 complete and 0 interrupted iterations
default   [  33% ] 036/100 VUs  0m55.0s/2m45.0s

running (0m56.0s), 037/100 VUs, 1521 complete and 0 interrupted iterations
default   [  34% ] 037/100 VUs  0m56.0s/2m45.0s

running (0m57.0s), 037/100 VUs, 1573 complete and 0 interrupted iterations
default   [  35% ] 037/100 VUs  0m57.0s/2m45.0s

running (0m58.0s), 038/100 VUs, 1630 complete and 0 interrupted iterations
default   [  35% ] 038/100 VUs  0m58.0s/2m45.0s

running (0m59.0s), 039/100 VUs, 1693 complete and 0 interrupted iterations
default   [  36% ] 039/100 VUs  0m59.0s/2m45.0s

running (1m00.0s), 039/100 VUs, 1748 complete and 0 interrupted iterations
default   [  36% ] 039/100 VUs  1m00.0s/2m45.0s

running (1m01.0s), 040/100 VUs, 1810 complete and 0 interrupted iterations
default   [  37% ] 040/100 VUs  1m01.0s/2m45.0s

running (1m02.0s), 041/100 VUs, 1873 complete and 0 interrupted iterations
default   [  38% ] 041/100 VUs  1m02.0s/2m45.0s

running (1m03.0s), 041/100 VUs, 1933 complete and 0 interrupted iterations
default   [  38% ] 041/100 VUs  1m03.0s/2m45.0s

running (1m04.0s), 042/100 VUs, 1996 complete and 0 interrupted iterations
default   [  39% ] 042/100 VUs  1m04.0s/2m45.0s

running (1m05.0s), 043/100 VUs, 2062 complete and 0 interrupted iterations
default   [  39% ] 043/100 VUs  1m05.0s/2m45.0s

running (1m06.0s), 043/100 VUs, 2128 complete and 0 interrupted iterations
default   [  40% ] 043/100 VUs  1m06.0s/2m45.0s

running (1m07.0s), 044/100 VUs, 2194 complete and 0 interrupted iterations
default   [  41% ] 044/100 VUs  1m07.0s/2m45.0s

running (1m08.0s), 045/100 VUs, 2259 complete and 0 interrupted iterations
default   [  41% ] 045/100 VUs  1m08.0s/2m45.0s

running (1m09.0s), 045/100 VUs, 2333 complete and 0 interrupted iterations
default   [  42% ] 045/100 VUs  1m09.0s/2m45.0s

running (1m10.0s), 046/100 VUs, 2402 complete and 0 interrupted iterations
default   [  42% ] 046/100 VUs  1m10.0s/2m45.0s

running (1m11.0s), 047/100 VUs, 2463 complete and 0 interrupted iterations
default   [  43% ] 047/100 VUs  1m11.0s/2m45.0s

running (1m12.0s), 047/100 VUs, 2542 complete and 0 interrupted iterations
default   [  44% ] 047/100 VUs  1m12.0s/2m45.0s

running (1m13.0s), 048/100 VUs, 2602 complete and 0 interrupted iterations
default   [  44% ] 048/100 VUs  1m13.0s/2m45.0s

running (1m14.0s), 049/100 VUs, 2674 complete and 0 interrupted iterations
default   [  45% ] 049/100 VUs  1m14.0s/2m45.0s

running (1m15.0s), 049/100 VUs, 2755 complete and 0 interrupted iterations
default   [  45% ] 049/100 VUs  1m15.0s/2m45.0s

running (1m16.0s), 050/100 VUs, 2824 complete and 0 interrupted iterations
default   [  46% ] 050/100 VUs  1m16.0s/2m45.0s

running (1m17.0s), 051/100 VUs, 2901 complete and 0 interrupted iterations
default   [  47% ] 051/100 VUs  1m17.0s/2m45.0s

running (1m18.0s), 052/100 VUs, 2981 complete and 0 interrupted iterations
default   [  47% ] 052/100 VUs  1m18.0s/2m45.0s

running (1m19.0s), 053/100 VUs, 3055 complete and 0 interrupted iterations
default   [  48% ] 053/100 VUs  1m19.0s/2m45.0s

running (1m20.0s), 054/100 VUs, 3133 complete and 0 interrupted iterations
default   [  48% ] 054/100 VUs  1m20.0s/2m45.0s

running (1m21.0s), 054/100 VUs, 3220 complete and 0 interrupted iterations
default   [  49% ] 054/100 VUs  1m21.0s/2m45.0s

running (1m22.0s), 055/100 VUs, 3295 complete and 0 interrupted iterations
default   [  50% ] 055/100 VUs  1m22.0s/2m45.0s

running (1m23.0s), 056/100 VUs, 3383 complete and 0 interrupted iterations
default   [  50% ] 056/100 VUs  1m23.0s/2m45.0s

running (1m24.0s), 057/100 VUs, 3470 complete and 0 interrupted iterations
default   [  51% ] 057/100 VUs  1m24.0s/2m45.0s

running (1m25.0s), 058/100 VUs, 3557 complete and 0 interrupted iterations
default   [  52% ] 058/100 VUs  1m25.0s/2m45.0s

running (1m26.0s), 059/100 VUs, 3648 complete and 0 interrupted iterations
default   [  52% ] 059/100 VUs  1m26.0s/2m45.0s

running (1m27.0s), 059/100 VUs, 3733 complete and 0 interrupted iterations
default   [  53% ] 059/100 VUs  1m27.0s/2m45.0s

running (1m28.0s), 060/100 VUs, 3825 complete and 0 interrupted iterations
default   [  53% ] 060/100 VUs  1m28.0s/2m45.0s

running (1m29.0s), 061/100 VUs, 3918 complete and 0 interrupted iterations
default   [  54% ] 061/100 VUs  1m29.0s/2m45.0s

running (1m30.0s), 062/100 VUs, 4005 complete and 0 interrupted iterations
default   [  55% ] 062/100 VUs  1m30.0s/2m45.0s

running (1m31.0s), 063/100 VUs, 4105 complete and 0 interrupted iterations
default   [  55% ] 063/100 VUs  1m31.0s/2m45.0s

running (1m32.0s), 064/100 VUs, 4205 complete and 0 interrupted iterations
default   [  56% ] 064/100 VUs  1m32.0s/2m45.0s

running (1m33.0s), 064/100 VUs, 4298 complete and 0 interrupted iterations
default   [  56% ] 064/100 VUs  1m33.0s/2m45.0s

running (1m34.0s), 065/100 VUs, 4400 complete and 0 interrupted iterations
default   [  57% ] 065/100 VUs  1m34.0s/2m45.0s

running (1m35.0s), 066/100 VUs, 4501 complete and 0 interrupted iterations
default   [  58% ] 066/100 VUs  1m35.0s/2m45.0s

running (1m36.0s), 067/100 VUs, 4599 complete and 0 interrupted iterations
default   [  58% ] 067/100 VUs  1m36.0s/2m45.0s

running (1m37.0s), 068/100 VUs, 4707 complete and 0 interrupted iterations
default   [  59% ] 068/100 VUs  1m37.0s/2m45.0s

running (1m38.0s), 069/100 VUs, 4808 complete and 0 interrupted iterations
default   [  59% ] 069/100 VUs  1m38.0s/2m45.0s

running (1m39.0s), 069/100 VUs, 4914 complete and 0 interrupted iterations
default   [  60% ] 069/100 VUs  1m39.0s/2m45.0s

running (1m40.0s), 070/100 VUs, 5018 complete and 0 interrupted iterations
default   [  61% ] 070/100 VUs  1m40.0s/2m45.0s

running (1m41.0s), 071/100 VUs, 5122 complete and 0 interrupted iterations
default   [  61% ] 071/100 VUs  1m41.0s/2m45.0s

running (1m42.0s), 072/100 VUs, 5228 complete and 0 interrupted iterations
default   [  62% ] 072/100 VUs  1m42.0s/2m45.0s

running (1m43.0s), 073/100 VUs, 5338 complete and 0 interrupted iterations
default   [  62% ] 073/100 VUs  1m43.0s/2m45.0s

running (1m44.0s), 074/100 VUs, 5442 complete and 0 interrupted iterations
default   [  63% ] 074/100 VUs  1m44.0s/2m45.0s

running (1m45.0s), 074/100 VUs, 5556 complete and 0 interrupted iterations
default   [  64% ] 074/100 VUs  1m45.0s/2m45.0s

running (1m46.0s), 075/100 VUs, 5666 complete and 0 interrupted iterations
default   [  64% ] 075/100 VUs  1m46.0s/2m45.0s

running (1m47.0s), 076/100 VUs, 5772 complete and 0 interrupted iterations
default   [  65% ] 076/100 VUs  1m47.0s/2m45.0s

running (1m48.0s), 077/100 VUs, 5890 complete and 0 interrupted iterations
default   [  65% ] 077/100 VUs  1m48.0s/2m45.0s

running (1m49.0s), 078/100 VUs, 6008 complete and 0 interrupted iterations
default   [  66% ] 078/100 VUs  1m49.0s/2m45.0s

running (1m50.0s), 079/100 VUs, 6126 complete and 0 interrupted iterations
default   [  67% ] 079/100 VUs  1m50.0s/2m45.0s

running (1m51.0s), 079/100 VUs, 6235 complete and 0 interrupted iterations
default   [  67% ] 079/100 VUs  1m51.0s/2m45.0s

running (1m52.0s), 080/100 VUs, 6356 complete and 0 interrupted iterations
default   [  68% ] 080/100 VUs  1m52.0s/2m45.0s

running (1m53.0s), 081/100 VUs, 6483 complete and 0 interrupted iterations
default   [  68% ] 081/100 VUs  1m53.0s/2m45.0s

running (1m54.0s), 082/100 VUs, 6597 complete and 0 interrupted iterations
default   [  69% ] 082/100 VUs  1m54.0s/2m45.0s

running (1m55.0s), 083/100 VUs, 6726 complete and 0 interrupted iterations
default   [  70% ] 083/100 VUs  1m55.0s/2m45.0s

running (1m56.0s), 084/100 VUs, 6853 complete and 0 interrupted iterations
default   [  70% ] 084/100 VUs  1m56.0s/2m45.0s

running (1m57.0s), 084/100 VUs, 6969 complete and 0 interrupted iterations
default   [  71% ] 084/100 VUs  1m57.0s/2m45.0s

running (1m58.0s), 085/100 VUs, 7109 complete and 0 interrupted iterations
default   [  72% ] 085/100 VUs  1m58.0s/2m45.0s

running (1m59.0s), 086/100 VUs, 7242 complete and 0 interrupted iterations
default   [  72% ] 086/100 VUs  1m59.0s/2m45.0s

running (2m00.0s), 087/100 VUs, 7366 complete and 0 interrupted iterations
default   [  73% ] 087/100 VUs  2m00.0s/2m45.0s

running (2m01.0s), 088/100 VUs, 7496 complete and 0 interrupted iterations
default   [  73% ] 088/100 VUs  2m01.0s/2m45.0s

running (2m02.0s), 089/100 VUs, 7637 complete and 0 interrupted iterations
default   [  74% ] 089/100 VUs  2m02.0s/2m45.0s

running (2m03.0s), 089/100 VUs, 7770 complete and 0 interrupted iterations
default   [  75% ] 089/100 VUs  2m03.0s/2m45.0s

running (2m04.0s), 090/100 VUs, 7899 complete and 0 interrupted iterations
default   [  75% ] 090/100 VUs  2m04.0s/2m45.0s

running (2m05.0s), 091/100 VUs, 8048 complete and 0 interrupted iterations
default   [  76% ] 091/100 VUs  2m05.0s/2m45.0s

running (2m06.0s), 092/100 VUs, 8186 complete and 0 interrupted iterations
default   [  76% ] 092/100 VUs  2m06.0s/2m45.0s

running (2m07.0s), 093/100 VUs, 8315 complete and 0 interrupted iterations
default   [  77% ] 093/100 VUs  2m07.0s/2m45.0s

running (2m08.0s), 094/100 VUs, 8467 complete and 0 interrupted iterations
default   [  78% ] 094/100 VUs  2m08.0s/2m45.0s

running (2m09.0s), 094/100 VUs, 8597 complete and 0 interrupted iterations
default   [  78% ] 094/100 VUs  2m09.0s/2m45.0s

running (2m10.0s), 095/100 VUs, 8726 complete and 0 interrupted iterations
default   [  79% ] 095/100 VUs  2m10.0s/2m45.0s

running (2m11.0s), 096/100 VUs, 8890 complete and 0 interrupted iterations
default   [  79% ] 096/100 VUs  2m11.0s/2m45.0s

running (2m12.0s), 097/100 VUs, 9027 complete and 0 interrupted iterations
default   [  80% ] 097/100 VUs  2m12.0s/2m45.0s

running (2m13.0s), 098/100 VUs, 9171 complete and 0 interrupted iterations
default   [  81% ] 098/100 VUs  2m13.0s/2m45.0s

running (2m14.0s), 099/100 VUs, 9329 complete and 0 interrupted iterations
default   [  81% ] 099/100 VUs  2m14.0s/2m45.0s

running (2m15.0s), 099/100 VUs, 9473 complete and 0 interrupted iterations
default   [  82% ] 099/100 VUs  2m15.0s/2m45.0s

running (2m16.0s), 099/100 VUs, 9636 complete and 0 interrupted iterations
default   [  82% ] 099/100 VUs  2m16.0s/2m45.0s

running (2m17.0s), 094/100 VUs, 9774 complete and 0 interrupted iterations
default   [  83% ] 094/100 VUs  2m17.0s/2m45.0s

running (2m18.0s), 092/100 VUs, 9918 complete and 0 interrupted iterations
default   [  84% ] 092/100 VUs  2m18.0s/2m45.0s

running (2m19.0s), 088/100 VUs, 10065 complete and 0 interrupted iterations
default   [  84% ] 088/100 VUs  2m19.0s/2m45.0s

running (2m20.0s), 085/100 VUs, 10187 complete and 0 interrupted iterations
default   [  85% ] 085/100 VUs  2m20.0s/2m45.0s

running (2m21.0s), 082/100 VUs, 10314 complete and 0 interrupted iterations
default   [  85% ] 082/100 VUs  2m21.0s/2m45.0s

running (2m22.0s), 079/100 VUs, 10447 complete and 0 interrupted iterations
default   [  86% ] 079/100 VUs  2m22.0s/2m45.0s

running (2m23.0s), 076/100 VUs, 10556 complete and 0 interrupted iterations
default   [  87% ] 076/100 VUs  2m23.0s/2m45.0s

running (2m24.0s), 072/100 VUs, 10665 complete and 0 interrupted iterations
default   [  87% ] 072/100 VUs  2m24.0s/2m45.0s

running (2m25.0s), 068/100 VUs, 10788 complete and 0 interrupted iterations
default   [  88% ] 068/100 VUs  2m25.0s/2m45.0s

running (2m26.0s), 065/100 VUs, 10885 complete and 0 interrupted iterations
default   [  88% ] 065/100 VUs  2m26.0s/2m45.0s

running (2m27.0s), 062/100 VUs, 10983 complete and 0 interrupted iterations
default   [  89% ] 062/100 VUs  2m27.0s/2m45.0s

running (2m28.0s), 059/100 VUs, 11081 complete and 0 interrupted iterations
default   [  90% ] 059/100 VUs  2m28.0s/2m45.0s

running (2m29.0s), 055/100 VUs, 11170 complete and 0 interrupted iterations
default   [  90% ] 055/100 VUs  2m29.0s/2m45.0s

running (2m30.0s), 052/100 VUs, 11246 complete and 0 interrupted iterations
default   [  91% ] 052/100 VUs  2m30.0s/2m45.0s

running (2m31.0s), 049/100 VUs, 11327 complete and 0 interrupted iterations
default   [  92% ] 049/100 VUs  2m31.0s/2m45.0s

running (2m32.0s), 045/100 VUs, 11396 complete and 0 interrupted iterations
default   [  92% ] 045/100 VUs  2m32.0s/2m45.0s

running (2m33.0s), 042/100 VUs, 11463 complete and 0 interrupted iterations
default   [  93% ] 042/100 VUs  2m33.0s/2m45.0s

running (2m34.0s), 038/100 VUs, 11528 complete and 0 interrupted iterations
default   [  93% ] 038/100 VUs  2m34.0s/2m45.0s

running (2m35.0s), 034/100 VUs, 11588 complete and 0 interrupted iterations
default   [  94% ] 034/100 VUs  2m35.0s/2m45.0s

running (2m36.0s), 031/100 VUs, 11636 complete and 0 interrupted iterations
default   [  95% ] 031/100 VUs  2m36.0s/2m45.0s

running (2m37.0s), 029/100 VUs, 11680 complete and 0 interrupted iterations
default   [  95% ] 029/100 VUs  2m37.0s/2m45.0s

running (2m38.0s), 025/100 VUs, 11725 complete and 0 interrupted iterations
default   [  96% ] 025/100 VUs  2m38.0s/2m45.0s

running (2m39.0s), 022/100 VUs, 11761 complete and 0 interrupted iterations
default   [  96% ] 022/100 VUs  2m39.0s/2m45.0s

running (2m40.0s), 018/100 VUs, 11793 complete and 0 interrupted iterations
default   [  97% ] 018/100 VUs  2m40.0s/2m45.0s

running (2m41.0s), 014/100 VUs, 11822 complete and 0 interrupted iterations
default   [  98% ] 014/100 VUs  2m41.0s/2m45.0s

running (2m42.0s), 012/100 VUs, 11843 complete and 0 interrupted iterations
default   [  98% ] 012/100 VUs  2m42.0s/2m45.0s

running (2m43.0s), 010/100 VUs, 11858 complete and 0 interrupted iterations
default   [  99% ] 010/100 VUs  2m43.0s/2m45.0s

running (2m44.0s), 005/100 VUs, 11871 complete and 0 interrupted iterations
default   [  99% ] 005/100 VUs  2m44.0s/2m45.0s

running (2m45.0s), 001/100 VUs, 11880 complete and 0 interrupted iterations
default   [ 100% ] 001/100 VUs  2m45.0s/2m45.0s


  █ TOTAL RESULTS 

    checks_total.......: 23762  143.523567/s
    checks_succeeded...: 98.97% 23519 out of 23762
    checks_failed......: 1.02%  243 out of 23762

    ✓ cf worker reachable
    ✗ under 300ms
      ↳  97% — ✓ 11638 / ✗ 243

    HTTP
    http_req_duration..............: avg=159.01ms min=76.69ms  med=95.96ms  max=1.27s p(90)=247.52ms p(95)=259.6ms 
      { expected_response:true }...: avg=159.01ms min=76.69ms  med=95.96ms  max=1.27s p(90)=247.52ms p(95)=259.6ms 
    http_req_failed................: 0.00%  0 out of 11881
    http_reqs......................: 11881  71.761784/s

    EXECUTION
    iteration_duration.............: avg=662.24ms min=576.98ms med=596.66ms max=2.21s p(90)=749.44ms p(95)=764.19ms
    iterations.....................: 11881  71.761784/s
    vus............................: 1      min=1          max=99 
    vus_max........................: 100    min=100        max=100

    NETWORK
    data_received..................: 5.5 MB 33 kB/s
    data_sent......................: 611 kB 3.7 kB/s




running (2m45.6s), 000/100 VUs, 11881 complete and 0 interrupted iterations
default ✓ [ 100% ] 000/100 VUs  2m45s
