
         /\      Grafana   /‾‾/  
    /\  /  \     |\  __   /  /   
   /  \/    \    | |/ /  /   ‾‾\ 
  /          \   |   (  |  (‾)  |
 / __________ \  |_|\_\  \_____/ 

     execution: local
        script: k6-db.js
        output: -

     scenarios: (100.00%) 1 scenario, 50 max VUs, 2m0s max duration (incl. graceful stop):
              * default: Up to 50 looping VUs for 1m30s over 4 stages (gracefulRampDown: 30s, gracefulStop: 30s)


running (0m01.0s), 01/50 VUs, 0 complete and 0 interrupted iterations
default   [   1% ] 01/50 VUs  0m01.0s/1m30.0s

running (0m02.0s), 01/50 VUs, 0 complete and 0 interrupted iterations
default   [   2% ] 01/50 VUs  0m02.0s/1m30.0s

running (0m03.0s), 01/50 VUs, 1 complete and 0 interrupted iterations
default   [   3% ] 01/50 VUs  0m03.0s/1m30.0s

running (0m04.0s), 02/50 VUs, 2 complete and 0 interrupted iterations
default   [   4% ] 02/50 VUs  0m04.0s/1m30.0s

running (0m05.0s), 02/50 VUs, 3 complete and 0 interrupted iterations
default   [   6% ] 02/50 VUs  0m05.0s/1m30.0s

running (0m06.0s), 02/50 VUs, 4 complete and 0 interrupted iterations
default   [   7% ] 02/50 VUs  0m06.0s/1m30.0s

running (0m07.0s), 02/50 VUs, 6 complete and 0 interrupted iterations
default   [   8% ] 02/50 VUs  0m07.0s/1m30.0s

running (0m08.0s), 03/50 VUs, 8 complete and 0 interrupted iterations
default   [   9% ] 03/50 VUs  0m08.0s/1m30.0s

running (0m09.0s), 03/50 VUs, 9 complete and 0 interrupted iterations
default   [  10% ] 03/50 VUs  0m09.0s/1m30.0s

running (0m10.0s), 03/50 VUs, 12 complete and 0 interrupted iterations
default   [  11% ] 03/50 VUs  0m10.0s/1m30.0s

running (0m11.0s), 03/50 VUs, 15 complete and 0 interrupted iterations
default   [  12% ] 03/50 VUs  0m11.0s/1m30.0s

running (0m12.0s), 04/50 VUs, 17 complete and 0 interrupted iterations
default   [  13% ] 04/50 VUs  0m12.0s/1m30.0s

running (0m13.0s), 04/50 VUs, 20 complete and 0 interrupted iterations
default   [  14% ] 04/50 VUs  0m13.0s/1m30.0s

running (0m14.0s), 04/50 VUs, 24 complete and 0 interrupted iterations
default   [  16% ] 04/50 VUs  0m14.0s/1m30.0s

running (0m15.0s), 04/50 VUs, 27 complete and 0 interrupted iterations
default   [  17% ] 04/50 VUs  0m15.0s/1m30.0s

running (0m16.0s), 05/50 VUs, 29 complete and 0 interrupted iterations
default   [  18% ] 05/50 VUs  0m16.0s/1m30.0s

running (0m17.0s), 06/50 VUs, 34 complete and 0 interrupted iterations
default   [  19% ] 06/50 VUs  0m17.0s/1m30.0s

running (0m18.0s), 06/50 VUs, 37 complete and 0 interrupted iterations
default   [  20% ] 06/50 VUs  0m18.0s/1m30.0s

running (0m19.0s), 07/50 VUs, 43 complete and 0 interrupted iterations
default   [  21% ] 07/50 VUs  0m19.0s/1m30.0s

running (0m20.0s), 08/50 VUs, 48 complete and 0 interrupted iterations
default   [  22% ] 08/50 VUs  0m20.0s/1m30.0s

running (0m21.0s), 08/50 VUs, 54 complete and 0 interrupted iterations
default   [  23% ] 08/50 VUs  0m21.0s/1m30.0s

running (0m22.0s), 09/50 VUs, 60 complete and 0 interrupted iterations
default   [  24% ] 09/50 VUs  0m22.0s/1m30.0s

running (0m23.0s), 10/50 VUs, 67 complete and 0 interrupted iterations
default   [  26% ] 10/50 VUs  0m23.0s/1m30.0s

running (0m24.0s), 10/50 VUs, 74 complete and 0 interrupted iterations
default   [  27% ] 10/50 VUs  0m24.0s/1m30.0s

running (0m25.0s), 11/50 VUs, 83 complete and 0 interrupted iterations
default   [  28% ] 11/50 VUs  0m25.0s/1m30.0s

running (0m26.0s), 12/50 VUs, 92 complete and 0 interrupted iterations
default   [  29% ] 12/50 VUs  0m26.0s/1m30.0s

running (0m27.0s), 12/50 VUs, 102 complete and 0 interrupted iterations
default   [  30% ] 12/50 VUs  0m27.0s/1m30.0s

running (0m28.0s), 13/50 VUs, 113 complete and 0 interrupted iterations
default   [  31% ] 13/50 VUs  0m28.0s/1m30.0s

running (0m29.0s), 14/50 VUs, 122 complete and 0 interrupted iterations
default   [  32% ] 14/50 VUs  0m29.0s/1m30.0s

running (0m30.0s), 14/50 VUs, 132 complete and 0 interrupted iterations
default   [  33% ] 14/50 VUs  0m30.0s/1m30.0s

running (0m31.0s), 15/50 VUs, 144 complete and 0 interrupted iterations
default   [  34% ] 15/50 VUs  0m31.0s/1m30.0s

running (0m32.0s), 16/50 VUs, 156 complete and 0 interrupted iterations
default   [  36% ] 16/50 VUs  0m32.0s/1m30.0s

running (0m33.0s), 16/50 VUs, 168 complete and 0 interrupted iterations
default   [  37% ] 16/50 VUs  0m33.0s/1m30.0s

running (0m34.0s), 17/50 VUs, 184 complete and 0 interrupted iterations
default   [  38% ] 17/50 VUs  0m34.0s/1m30.0s

running (0m35.0s), 18/50 VUs, 196 complete and 0 interrupted iterations
default   [  39% ] 18/50 VUs  0m35.0s/1m30.0s

running (0m36.0s), 18/50 VUs, 209 complete and 0 interrupted iterations
default   [  40% ] 18/50 VUs  0m36.0s/1m30.0s

running (0m37.0s), 19/50 VUs, 223 complete and 0 interrupted iterations
default   [  41% ] 19/50 VUs  0m37.0s/1m30.0s

running (0m38.0s), 20/50 VUs, 237 complete and 0 interrupted iterations
default   [  42% ] 20/50 VUs  0m38.0s/1m30.0s

running (0m39.0s), 20/50 VUs, 254 complete and 0 interrupted iterations
default   [  43% ] 20/50 VUs  0m39.0s/1m30.0s

running (0m40.0s), 21/50 VUs, 273 complete and 0 interrupted iterations
default   [  44% ] 21/50 VUs  0m40.0s/1m30.0s

running (0m41.0s), 22/50 VUs, 289 complete and 0 interrupted iterations
default   [  46% ] 22/50 VUs  0m41.0s/1m30.0s

running (0m42.0s), 22/50 VUs, 303 complete and 0 interrupted iterations
default   [  47% ] 22/50 VUs  0m42.0s/1m30.0s

running (0m43.0s), 23/50 VUs, 322 complete and 0 interrupted iterations
default   [  48% ] 23/50 VUs  0m43.0s/1m30.0s

running (0m44.0s), 24/50 VUs, 338 complete and 0 interrupted iterations
default   [  49% ] 24/50 VUs  0m44.0s/1m30.0s

running (0m45.0s), 24/50 VUs, 358 complete and 0 interrupted iterations
default   [  50% ] 24/50 VUs  0m45.0s/1m30.0s

running (0m46.0s), 25/50 VUs, 380 complete and 0 interrupted iterations
default   [  51% ] 25/50 VUs  0m46.0s/1m30.0s

running (0m47.0s), 26/50 VUs, 400 complete and 0 interrupted iterations
default   [  52% ] 26/50 VUs  0m47.0s/1m30.0s

running (0m48.0s), 27/50 VUs, 419 complete and 0 interrupted iterations
default   [  53% ] 27/50 VUs  0m48.0s/1m30.0s

running (0m49.0s), 28/50 VUs, 439 complete and 0 interrupted iterations
default   [  54% ] 28/50 VUs  0m49.0s/1m30.0s

running (0m50.0s), 29/50 VUs, 460 complete and 0 interrupted iterations
default   [  56% ] 29/50 VUs  0m50.0s/1m30.0s

running (0m51.0s), 29/50 VUs, 481 complete and 0 interrupted iterations
default   [  57% ] 29/50 VUs  0m51.0s/1m30.0s

running (0m52.0s), 30/50 VUs, 506 complete and 0 interrupted iterations
default   [  58% ] 30/50 VUs  0m52.0s/1m30.0s

running (0m53.0s), 31/50 VUs, 530 complete and 0 interrupted iterations
default   [  59% ] 31/50 VUs  0m53.0s/1m30.0s

running (0m54.0s), 32/50 VUs, 552 complete and 0 interrupted iterations
default   [  60% ] 32/50 VUs  0m54.0s/1m30.0s

running (0m55.0s), 33/50 VUs, 576 complete and 0 interrupted iterations
default   [  61% ] 33/50 VUs  0m55.0s/1m30.0s

running (0m56.0s), 34/50 VUs, 601 complete and 0 interrupted iterations
default   [  62% ] 34/50 VUs  0m56.0s/1m30.0s

running (0m57.0s), 34/50 VUs, 624 complete and 0 interrupted iterations
default   [  63% ] 34/50 VUs  0m57.0s/1m30.0s

running (0m58.0s), 35/50 VUs, 652 complete and 0 interrupted iterations
default   [  64% ] 35/50 VUs  0m58.0s/1m30.0s

running (0m59.0s), 36/50 VUs, 679 complete and 0 interrupted iterations
default   [  66% ] 36/50 VUs  0m59.0s/1m30.0s

running (1m00.0s), 37/50 VUs, 706 complete and 0 interrupted iterations
default   [  67% ] 37/50 VUs  1m00.0s/1m30.0s

running (1m01.0s), 38/50 VUs, 737 complete and 0 interrupted iterations
default   [  68% ] 38/50 VUs  1m01.0s/1m30.0s

running (1m02.0s), 39/50 VUs, 765 complete and 0 interrupted iterations
default   [  69% ] 39/50 VUs  1m02.0s/1m30.0s

running (1m03.0s), 39/50 VUs, 792 complete and 0 interrupted iterations
default   [  70% ] 39/50 VUs  1m03.0s/1m30.0s

running (1m04.0s), 40/50 VUs, 821 complete and 0 interrupted iterations
default   [  71% ] 40/50 VUs  1m04.0s/1m30.0s

running (1m05.0s), 41/50 VUs, 854 complete and 0 interrupted iterations
default   [  72% ] 41/50 VUs  1m05.0s/1m30.0s

running (1m06.0s), 42/50 VUs, 886 complete and 0 interrupted iterations
default   [  73% ] 42/50 VUs  1m06.0s/1m30.0s

running (1m07.0s), 43/50 VUs, 918 complete and 0 interrupted iterations
default   [  74% ] 43/50 VUs  1m07.0s/1m30.0s

running (1m08.0s), 44/50 VUs, 950 complete and 0 interrupted iterations
default   [  76% ] 44/50 VUs  1m08.0s/1m30.0s

running (1m09.0s), 44/50 VUs, 980 complete and 0 interrupted iterations
default   [  77% ] 44/50 VUs  1m09.0s/1m30.0s

running (1m10.0s), 45/50 VUs, 1013 complete and 0 interrupted iterations
default   [  78% ] 45/50 VUs  1m10.0s/1m30.0s

running (1m11.0s), 46/50 VUs, 1050 complete and 0 interrupted iterations
default   [  79% ] 46/50 VUs  1m11.0s/1m30.0s

running (1m12.0s), 47/50 VUs, 1086 complete and 0 interrupted iterations
default   [  80% ] 47/50 VUs  1m12.0s/1m30.0s

running (1m13.0s), 48/50 VUs, 1122 complete and 0 interrupted iterations
default   [  81% ] 48/50 VUs  1m13.0s/1m30.0s

running (1m14.0s), 49/50 VUs, 1157 complete and 0 interrupted iterations
default   [  82% ] 49/50 VUs  1m14.0s/1m30.0s

running (1m15.0s), 49/50 VUs, 1192 complete and 0 interrupted iterations
default   [  83% ] 49/50 VUs  1m15.0s/1m30.0s

running (1m16.0s), 49/50 VUs, 1229 complete and 0 interrupted iterations
default   [  84% ] 49/50 VUs  1m16.0s/1m30.0s

running (1m17.0s), 45/50 VUs, 1269 complete and 0 interrupted iterations
default   [  86% ] 45/50 VUs  1m17.0s/1m30.0s

running (1m18.0s), 41/50 VUs, 1302 complete and 0 interrupted iterations
default   [  87% ] 41/50 VUs  1m18.0s/1m30.0s

running (1m19.0s), 40/50 VUs, 1335 complete and 0 interrupted iterations
default   [  88% ] 40/50 VUs  1m19.0s/1m30.0s

running (1m20.0s), 37/50 VUs, 1366 complete and 0 interrupted iterations
default   [  89% ] 37/50 VUs  1m20.0s/1m30.0s

running (1m21.0s), 31/50 VUs, 1395 complete and 0 interrupted iterations
default   [  90% ] 31/50 VUs  1m21.0s/1m30.0s

running (1m22.0s), 30/50 VUs, 1420 complete and 0 interrupted iterations
default   [  91% ] 30/50 VUs  1m22.0s/1m30.0s

running (1m23.0s), 27/50 VUs, 1441 complete and 0 interrupted iterations
default   [  92% ] 27/50 VUs  1m23.0s/1m30.0s

running (1m24.0s), 22/50 VUs, 1464 complete and 0 interrupted iterations
default   [  93% ] 22/50 VUs  1m24.0s/1m30.0s

running (1m25.0s), 19/50 VUs, 1485 complete and 0 interrupted iterations
default   [  94% ] 19/50 VUs  1m25.0s/1m30.0s

running (1m26.0s), 15/50 VUs, 1502 complete and 0 interrupted iterations
default   [  96% ] 15/50 VUs  1m26.0s/1m30.0s

running (1m27.0s), 12/50 VUs, 1514 complete and 0 interrupted iterations
default   [  97% ] 12/50 VUs  1m27.0s/1m30.0s

running (1m28.0s), 09/50 VUs, 1523 complete and 0 interrupted iterations
default   [  98% ] 09/50 VUs  1m28.0s/1m30.0s

running (1m29.0s), 06/50 VUs, 1529 complete and 0 interrupted iterations
default   [  99% ] 06/50 VUs  1m29.0s/1m30.0s

running (1m30.0s), 02/50 VUs, 1535 complete and 0 interrupted iterations
default   [ 100% ] 02/50 VUs  1m30.0s/1m30.0s


  █ THRESHOLDS 

    http_req_duration
    ✓ 'p(95)<2000' p(95)=495.46ms

    http_req_failed
    ✓ 'rate<0.05' rate=0.00%


  █ TOTAL RESULTS 

    checks_total.......: 3074    33.930348/s
    checks_succeeded...: 100.00% 3074 out of 3074
    checks_failed......: 0.00%   0 out of 3074

    ✓ db reachable
    ✓ got data

    HTTP
    http_req_duration..............: avg=286.42ms min=162.29ms med=205.27ms max=1.41s p(90)=483ms p(95)=495.46ms
      { expected_response:true }...: avg=286.42ms min=162.29ms med=205.27ms max=1.41s p(90)=483ms p(95)=495.46ms
    http_req_failed................: 0.00%  0 out of 1537
    http_reqs......................: 1537   16.965174/s

    EXECUTION
    iteration_duration.............: avg=1.29s    min=1.16s    med=1.2s     max=2.72s p(90)=1.48s p(95)=1.5s    
    iterations.....................: 1537   16.965174/s
    vus............................: 2      min=1         max=49
    vus_max........................: 50     min=50        max=50

    NETWORK
    data_received..................: 2.5 MB 28 kB/s
    data_sent......................: 162 kB 1.8 kB/s




running (1m30.6s), 00/50 VUs, 1537 complete and 0 interrupted iterations
default ✓ [ 100% ] 00/50 VUs  1m30s
