
Running 1 test using 1 worker

[1A[2K[1/1] [chromium] › src\__tests__\integration\voice-interview.test.tsx:13:9 › Voice Interview Integration › Complete interview flow (End-to-End)
[1A[2K[chromium] › src\__tests__\integration\voice-interview.test.tsx:13:9 › Voice Interview Integration › Complete interview flow (End-to-End)

=== STEP 1: Setup Interview Page ===

[1A[2K
=== STEP 2: Install Chat API Mock ===

[1A[2K[MOCK] Chat API mock installed

[1A[2K
=== STEP 3: Wait for Interview Ready ===

[1A[2K[MOCK] Intercepting /api/chat call

[1A[2K[BROWSER] [VoiceOutput] Adding to queue: Hello! I understand you want to start the interview.

[1A[2K[BROWSER] [VoiceOutput] processQueue start. Queue len: 1

[1A[2K
=== STEP 4: Initialize POM ===

[1A[2K
=== STEP 5: Wait for Interview to be in Ready State ===

[1A[2K[BROWSER] [VoiceOutput] Speaking chunk: Hello! I understand you want to start the interview.

[1A[2K[BROWSER] [VoiceOutput] processQueue done. isSpeaking set to false

[1A[2K
=== STEP 6: Verify Mic Status Indicator Visible ===

[1A[2K
=== STEP 7: Get Initial Mic Status ===

[1A[2KInitial mic status: Waiting for mic

[1A[2K
=== STEP 8: Wait for Mic Button to be Enabled ===

[1A[2K
=== STEP 9: Click Mic Button (with retry) ===

[1A[2K
=== STEP 10: Verify Mic State After Click ===

[1A[2KActive mic status: Auto-Submit Active

[1A[2K
=== STEP 11: Verify Conversation View Visible ===

[1A[2K
✅ Voice interview flow test completed successfully


[1A[2K  1 passed (14.0s)
