
[1m[46m RUN [49m[22m [36mv4.0.18 [39m[90mD:/algomind[39m

 [32mÔ£ô[39m src/hooks/__tests__/useVoiceActivityDetection.test.ts[2m > [22museVoiceActivityDetection[2m > [22minitializes state correctly on mount[32m 3[2mms[22m[39m
 [32mÔ£ô[39m src/hooks/__tests__/useVoiceActivityDetection.test.ts[2m > [22museVoiceActivityDetection[2m > [22mstartListening initializes manager and starts listening[32m 14[2mms[22m[39m
 [32mÔ£ô[39m src/hooks/__tests__/useVoiceActivityDetection.test.ts[2m > [22museVoiceActivityDetection[2m > [22mstartListening does nothing if disabled[32m 0[2mms[22m[39m
 [32mÔ£ô[39m src/hooks/__tests__/useVoiceActivityDetection.test.ts[2m > [22museVoiceActivityDetection[2m > [22mstopListening calls manager.stop[32m 1[2mms[22m[39m
 [32mÔ£ô[39m src/hooks/__tests__/useVoiceActivityDetection.test.ts[2m > [22museVoiceActivityDetection[2m > [22mautoStart triggers startListening[32m 0[2mms[22m[39m
 [32mÔ£ô[39m src/hooks/__tests__/useVoiceActivityDetection.test.ts[2m > [22museVoiceActivityDetection[2m > [22mhandles errors during start[32m 2[2mms[22m[39m
 [32mÔ£ô[39m src/hooks/__tests__/useSwipeNavigation.test.tsx[2m > [22museSwipeNavigation[2m > [22m1. Returns correct currentIndex for activeTab[32m 25[2mms[22m[39m
 [32mÔ£ô[39m src/hooks/__tests__/useSwipeNavigation.test.tsx[2m > [22museSwipeNavigation[2m > [22m2. Swipe left (diffX < -60, horizontal dominant) ÔåÆ calls onTabChange with next tab[32m 10[2mms[22m[39m
 [32mÔ£ô[39m src/hooks/__tests__/useSwipeNavigation.test.tsx[2m > [22museSwipeNavigation[2m > [22m3. Swipe right (diffX > 60, horizontal dominant) ÔåÆ calls onTabChange with previous tab[32m 5[2mms[22m[39m
 [32mÔ£ô[39m src/hooks/__tests__/useSwipeNavigation.test.tsx[2m > [22museSwipeNavigation[2m > [22m4. Swipe less than threshold (40px) ÔåÆ does NOT call onTabChange[32m 4[2mms[22m[39m
 [32mÔ£ô[39m src/hooks/__tests__/useSwipeNavigation.test.tsx[2m > [22museSwipeNavigation[2m > [22m5. Vertical swipe (diffY > diffX * 1.5) ÔåÆ does NOT call onTabChange[32m 2[2mms[22m[39m
 [32mÔ£ô[39m src/hooks/__tests__/useSwipeNavigation.test.tsx[2m > [22museSwipeNavigation[2m > [22m6. On first tab, swipe right ÔåÆ does NOT call onTabChange (no previous)[32m 2[2mms[22m[39m
 [32mÔ£ô[39m src/hooks/__tests__/useSwipeNavigation.test.tsx[2m > [22museSwipeNavigation[2m > [22m7. On last tab, swipe left ÔåÆ does NOT call onTabChange (no next)[32m 2[2mms[22m[39m
 [32mÔ£ô[39m src/hooks/__tests__/useSwipeNavigation.test.tsx[2m > [22museSwipeNavigation[2m > [22m8. disabled=true ÔåÆ swipe does NOT call onTabChange[32m 1[2mms[22m[39m
 [32mÔ£ô[39m src/hooks/__tests__/useSwipeNavigation.test.tsx[2m > [22museSwipeNavigation[2m > [22m9. dragOffset returns a non-zero value during pointer move (resistance preview)[32m 3[2mms[22m[39m
 [32mÔ£ô[39m src/hooks/__tests__/useSwipeNavigation.test.tsx[2m > [22museSwipeNavigation[2m > [22m10. dragOffset resets to 0 on pointerUp and pointerCancel[32m 4[2mms[22m[39m

[2m Test Files [22m [1m[32m2 passed[39m[22m[90m (2)[39m
[2m      Tests [22m [1m[32m16 passed[39m[22m[90m (16)[39m
[2m   Start at [22m 14:47:11
[2m   Duration [22m 1.30s[2m (transform 119ms, setup 0ms, import 302ms, tests 81ms, environment 779ms)[22m

