src/lib/assessment/__tests__/analyzer.test.ts(79,73): error TS2345: Argument of type '{ role: string; content: string; timestamp: Date; }[]' is not assignable to parameter of type 'ConversationTurn[]'.
  Type '{ role: string; content: string; timestamp: Date; }' is not assignable to type 'ConversationTurn'.
    Types of property 'role' are incompatible.
      Type 'string' is not assignable to type '"system" | "user" | "assistant"'.
src/lib/assessment/__tests__/analyzer.test.ts(107,73): error TS2345: Argument of type '{ role: string; content: string; timestamp: Date; }[]' is not assignable to parameter of type 'ConversationTurn[]'.
  Type '{ role: string; content: string; timestamp: Date; }' is not assignable to type 'ConversationTurn'.
    Types of property 'role' are incompatible.
      Type 'string' is not assignable to type '"system" | "user" | "assistant"'.
src/lib/supabase/__tests__/save-session.test.ts(74,49): error TS7006: Parameter 'data' implicitly has an 'any' type.
src/lib/supabase/__tests__/save-session.test.ts(182,47): error TS7006: Parameter 'table' implicitly has an 'any' type.
src/lib/supabase/__tests__/save-session.test.ts(214,47): error TS7006: Parameter 'table' implicitly has an 'any' type.
